
> madjock-website@0.1.0 build
> next build

   ▲ Next.js 15.5.12
   - Environments: .env.local

   Creating an optimized production build ...
node.exe : <w> [webpac
k.cache.PackFileCacheS
trategy] Skipped not 
serializable cache 
item 'Compilation/modu
les|javascript/auto|F:
\Project-Madjock\Websi
te\node_modules\next\d
ist\build\webpack\load
ers\next-flight-css-lo
ader.js??ruleSet[1].ru
les[14].oneOf[5].use[0
]!F:\Project-Madjock\W
ebsite\node_modules\ne
xt\dist\build\webpack\
loaders\css-loader\src
\index.js??ruleSet[1].
rules[14].oneOf[5].use
[1]!F:\Project-Madjock
\Website\node_modules\
next\dist\build\webpac
k\loaders\postcss-load
er\src\index.js??ruleS
et[1].rules[14].oneOf[
5].use[2]!F:\Project-M
adjock\Website\src\com
ponents\LocationPicker
.module.css|ssr': No 
serializer registered 
for CssSyntaxError
At C:\nvm4w\nodejs\npm
.ps1:29 char:3
+   & $NODE_EXE 
$NPM_CLI_JS $args
+   ~~~~~~~~~~~~~~~~~~
~~~~~~~~~~~
    + CategoryInfo    
          : NotSpeci  
  fied: (<w> [webpa   
 ck.ca... CssSynta    
xError:String) []    
, RemoteException
    + FullyQualifiedE 
   rrorId : NativeCo  
  mmandError
 
<w> while serializing 
webpack/lib/cache/Pack
FileCacheStrategy.Pack
ContentItems -> webpac
k/lib/NormalModule -> 
webpack/lib/ModuleBuil
dError -> 
CssSyntaxError
Failed to compile.

./src/components/Locat
ionPicker.module.css:1
54:1
Syntax error: 
Selector ":global(.pac
-container)" is not 
pure (pure selectors 
must contain at least 
one local class or id)

 [90m 152 | [39m
 [90m 153 | 
[39m[90m/* Fix for 
Google Places search 
suggestions z-index 
*/[39m
[1m[31m>[39m[22m[
90m 154 | [39m[33m:
[39m[36mglobal[39m[
36m(.pac-container)[3
9m [33m{[39m
 [90m     | [39m[1m
[31m^[39m[22m
 [90m 155 | [39m    
z-index[33m:[39m 
4000 
!important[33m;[39m
 [90m 156 | 
[39m[33m}[39m


> Build failed 
because of webpack 
errors
